// Jest Snapshot v1, https://goo.gl/fbAQLP

exports[`RouletteGun Component renders the UI as expected 1`] = `
<div>
  <p />
  <button>
    Pull the trigger
  </button>
</div>
`;
